== order-account-list POST /api/v1/account/order-account-list [owner] -> 200
{"success":true,"message":"","data":{"items":[{"id":"a0000000-0000-0000-0000-000000000001","owner":{"id":"11111111-1111-1111-1111-111111111111","avatar":"diamond:sky","name":"User 1111"},"folderId":"f0000000-0000-0000-0000-000000000001","name":"Cash","position":0,"currency":{"id":"dffc2a06-6f29-4704-8575-31709adee926","code":"USD","name":"US Dollar","symbol":"$","fractionDigits":2},"balance":"987.5","type":2,"icon":"wallet","sharedAccess":[]},{"id":"a0000000-0000-0000-0000-000000000002","owner":{"id":"22222222-2222-2222-2222-222222222222","avatar":"diamond:sky","name":"User 2222"},"folderId":null,"name":"Shared","position":0,"currency":{"id":"dffc2a06-6f29-4704-8575-31709adee926","code":"USD","name":"US Dollar","symbol":"$","fractionDigits":2},"balance":"0","type":2,"icon":"wallet","sharedAccess":[{"user":{"id":"11111111-1111-1111-1111-111111111111","avatar":"diamond:sky","name":"User 1111"},"role":"user","isAccepted":1}]}]}}

== order-folder-list POST /api/v1/account/order-folder-list [owner] -> 200
{"success":true,"message":"","data":{"items":[{"id":"f0000000-0000-0000-0000-000000000001","name":"Main","position":0,"isVisible":1},{"id":"f0000000-0000-0000-0000-000000000003","name":"Spare","position":1,"isVisible":1}]}}

== show-folder POST /api/v1/account/show-folder [owner] -> 200
{"success":true,"message":"","data":{}}

== replace-folder POST /api/v1/account/replace-folder [owner] -> 200
{"success":true,"message":"","data":{}}

== get-account-list-after GET /api/v1/account/get-account-list [owner] -> 200
{"success":true,"message":"","data":{"items":[{"id":"a0000000-0000-0000-0000-000000000002","owner":{"id":"22222222-2222-2222-2222-222222222222","avatar":"diamond:sky","name":"User 2222"},"folderId":null,"name":"Shared","position":0,"currency":{"id":"dffc2a06-6f29-4704-8575-31709adee926","code":"USD","name":"US Dollar","symbol":"$","fractionDigits":2},"balance":"0","type":2,"icon":"wallet","sharedAccess":[{"user":{"id":"11111111-1111-1111-1111-111111111111","avatar":"diamond:sky","name":"User 1111"},"role":"user","isAccepted":1}]},{"id":"a0000000-0000-0000-0000-000000000001","owner":{"id":"11111111-1111-1111-1111-111111111111","avatar":"diamond:sky","name":"User 1111"},"folderId":"f0000000-0000-0000-0000-000000000001","name":"Cash","position":0,"currency":{"id":"dffc2a06-6f29-4704-8575-31709adee926","code":"USD","name":"US Dollar","symbol":"$","fractionDigits":2},"balance":"987.5","type":2,"icon":"wallet","sharedAccess":[]}]}}

== get-folder-list-after GET /api/v1/account/get-folder-list [owner] -> 200
{"success":true,"message":"","data":{"items":[{"id":"f0000000-0000-0000-0000-000000000001","name":"Main","position":0,"isVisible":1}]}}

