== get-credential-key-none GET /api/v1/import/get-credential-key [owner] -> 200
{"success":true,"message":"","data":{"wrappedDataKey":"","kdf":"","updatedAt":""}}

== set-credential-key POST /api/v1/import/set-credential-key [owner] -> 200
{"success":true,"message":"","data":{"wrappedDataKey":"v1:aXY=:Y3Q=","kdf":"{\"alg\":\"PBKDF2-SHA256\",\"salt\":\"c2FsdA==\",\"iterations\":600000}","updatedAt":"<datetime>"}}

== get-credential-key GET /api/v1/import/get-credential-key [owner] -> 200
{"success":true,"message":"","data":{"wrappedDataKey":"v1:aXY=:Y3Q=","kdf":"{\"alg\":\"PBKDF2-SHA256\",\"salt\":\"c2FsdA==\",\"iterations\":600000}","updatedAt":"<datetime>"}}

== err:set-credential-key-blank POST /api/v1/import/set-credential-key [owner] -> 400
{"success":false,"message":"Form validation error","code":400,"errors":{"kdf":["This value should not be blank."],"wrappedDataKey":["This value should not be blank."]}}

== claim-setup-token POST /api/v1/import/claim-setup-token [guest] -> 200
{"success":true,"message":"","data":{"accessUrl":"https://u:p@bridge.example/simplefin"}}

== err:claim-setup-token-used POST /api/v1/import/claim-setup-token [guest] -> 403
{"success":false,"message":"SimpleFIN rejected this setup token. It may have been claimed already — generate a new one in your SimpleFIN bridge.","code":0,"errors":[]}

== err:claim-setup-token-blank POST /api/v1/import/claim-setup-token [guest] -> 400
{"success":false,"message":"Form validation error","code":400,"errors":{"setupToken":["This value should not be blank."]}}

== create-source-simplefin POST /api/v1/import/create-source [guest] -> 200
{"success":true,"message":"","data":{"item":{"id":"<generated-uuid>","provider":"simplefin","name":"My Bank","status":"active","createdAt":"<datetime>","lastSyncedAt":"","credentialCiphertext":"v1:aXY=:Y3Q=","cards":[]}}}

== err:create-source-simplefin-no-ciphertext POST /api/v1/import/create-source [guest] -> 400
{"success":false,"message":"Form validation error","code":400,"errors":{"credentialCiphertext":["This value should not be blank."]}}

== create-source-simplefin-reconnect POST /api/v1/import/create-source [guest] -> 200
{"success":true,"message":"","data":{"item":{"id":"<generated-uuid>","provider":"simplefin","name":"My Bank (new)","status":"active","createdAt":"<datetime>","lastSyncedAt":"","credentialCiphertext":"v1:aXYy:Y3Qy","cards":[]}}}

== get-source-list-guest-bank GET /api/v1/import/get-source-list [guest] -> 200
{"success":true,"message":"","data":{"items":[{"id":"<generated-uuid>","provider":"simplefin","name":"My Bank (new)","status":"active","createdAt":"<datetime>","lastSyncedAt":"","credentialCiphertext":"v1:aXYy:Y3Qy","cards":[]}]}}

