== err:category-name-too-short POST /api/v1/category/create-category [owner] -> 400
{"success":false,"message":"Form validation error","code":400,"errors":{"name":["Category name must be 3-64 characters"]}}

== err:order-empty-changes POST /api/v1/category/order-category-list [owner] -> 400
{"success":false,"message":"Categories list is empty","code":400,"errors":{}}

== err:account-order-empty POST /api/v1/account/order-account-list [owner] -> 400
{"success":false,"message":"Accounts list is empty","code":400,"errors":{}}

== err:replace-folder-blank POST /api/v1/account/replace-folder [owner] -> 400
{"success":false,"message":"Form validation error","code":400,"errors":{"id":["This value should not be blank."],"replaceId":["This value should not be blank."]}}

== err:guest-updates-owner-account POST /api/v1/account/update-account [guest] -> 403
{"success":false,"message":"Access denied","code":0,"errors":[]}

== err:update-budget-bad-uuid POST /api/v1/user/update-budget [owner] -> 400
{"success":false,"message":"Form validation error","code":400,"errors":{"value":["This value is not a valid UUID."]}}

== err:budget-name-too-short POST /api/v1/budget/create-budget [owner] -> 400
{"success":false,"message":"Form validation error","code":400,"errors":{"name":["Budget name must be 3-64 characters"]}}

== err:update-tx-bad-type POST /api/v1/transaction/update-transaction [owner] -> 400
{"success":false,"message":"Form validation error","code":400,"errors":{"type":["The value you selected is not a valid choice."]}}

== err:create-account-blank POST /api/v1/account/create-account [owner] -> 400
{"success":false,"message":"Form validation error","code":400,"errors":{"currencyId":["This value should not be blank."],"icon":["This value should not be blank."],"id":["This value should not be blank."],"name":["This value should not be blank."]}}

== err:update-account-blank POST /api/v1/account/update-account [owner] -> 400
{"success":false,"message":"Form validation error","code":400,"errors":{"icon":["This value should not be blank."],"id":["This value should not be blank."],"name":["This value should not be blank."],"updatedAt":["This value should not be blank."]}}

== err:delete-account-blank-id POST /api/v1/account/delete-account [owner] -> 400
{"success":false,"message":"Form validation error","code":400,"errors":{"id":["This value should not be blank."]}}

== err:create-folder-blank-name POST /api/v1/account/create-folder [owner] -> 400
{"success":false,"message":"Form validation error","code":400,"errors":{"name":["This value should not be blank."]}}

== err:update-folder-blank POST /api/v1/account/update-folder [owner] -> 400
{"success":false,"message":"Form validation error","code":400,"errors":{"id":["This value should not be blank."],"name":["This value should not be blank."]}}

== err:hide-folder-blank-id POST /api/v1/account/hide-folder [owner] -> 400
{"success":false,"message":"Form validation error","code":400,"errors":{"id":["This value should not be blank."]}}

== err:show-folder-blank-id POST /api/v1/account/show-folder [owner] -> 400
{"success":false,"message":"Form validation error","code":400,"errors":{"id":["This value should not be blank."]}}

== err:update-category-blank POST /api/v1/category/update-category [owner] -> 400
{"success":false,"message":"Form validation error","code":400,"errors":{"icon":["This value should not be blank."],"id":["This value should not be blank."],"name":["This value should not be blank."]}}

== err:archive-category-blank-id POST /api/v1/category/archive-category [owner] -> 400
{"success":false,"message":"Form validation error","code":400,"errors":{"id":["This value should not be blank."]}}

== err:unarchive-category-blank-id POST /api/v1/category/unarchive-category [owner] -> 400
{"success":false,"message":"Form validation error","code":400,"errors":{"id":["This value should not be blank."]}}

== err:delete-category-blank-id POST /api/v1/category/delete-category [owner] -> 400
{"success":false,"message":"Form validation error","code":400,"errors":{"id":["This value should not be blank."]}}

== err:show-folder-bad-uuid POST /api/v1/account/show-folder [owner] -> 400
{"success":false,"message":"invalid id","code":400,"errors":{}}

== err:order-account-bad-uuid POST /api/v1/account/order-account-list [owner] -> 400
{"success":false,"message":"invalid id","code":400,"errors":{}}

== err:order-folder-bad-uuid POST /api/v1/account/order-folder-list [owner] -> 400
{"success":false,"message":"invalid id","code":400,"errors":{}}

== err:archive-category-bad-uuid POST /api/v1/category/archive-category [owner] -> 400
{"success":false,"message":"invalid id","code":400,"errors":{}}

== err:unarchive-category-bad-uuid POST /api/v1/category/unarchive-category [owner] -> 400
{"success":false,"message":"invalid id","code":400,"errors":{}}

== err:delete-category-bad-uuid POST /api/v1/category/delete-category [owner] -> 400
{"success":false,"message":"invalid id","code":400,"errors":{}}

== err:order-category-bad-uuid POST /api/v1/category/order-category-list [owner] -> 400
{"success":false,"message":"invalid id","code":400,"errors":{}}

