== get-payee-list GET /api/v1/payee/get-payee-list [owner] -> 200
{"success":true,"message":"","data":{"items":[{"id":"20000000-0000-0000-0000-000000000001","ownerUserId":"11111111-1111-1111-1111-111111111111","name":"Shop","position":0,"isArchived":0,"createdAt":"<datetime>","updatedAt":"<datetime>"}]}}

