== get-user-data GET /api/v1/user/get-user-data [readonly] -> 200
{"success":true,"message":"","data":{"user":{"id":"88888888-8888-8888-8888-888888888888","name":"User 8888","email":"readonly@example.test","avatar":"diamond:sky","options":[{"name":"currency","value":"USD"},{"name":"report_period","value":"monthly"},{"name":"onboarding","value":"started"},{"name":"budget","value":null},{"name":"currency_id","value":"dffc2a06-6f29-4704-8575-31709adee926"}],"currency":"USD","reportPeriod":"monthly","accessLevel":"readonly","accessUntil":"<datetime>"}}}

== err:create-category POST /api/v1/category/create-category [readonly] -> 402
{"success":false,"message":"Read-only access. Write operations are disabled.","code":402,"errors":{}}

== err:create-tag POST /api/v1/tag/create-tag [readonly] -> 402
{"success":false,"message":"Read-only access. Write operations are disabled.","code":402,"errors":{}}

== revoke-other-sessions POST /api/v1/user/revoke-other-sessions [readonly] -> 200
{"success":true,"message":"","data":{}}

== logout-user POST /api/v1/user/logout-user [readonly] -> 200
{"success":true,"message":"","data":{"result":"test"}}

