== get-tag-list GET /api/v1/tag/get-tag-list [owner] -> 200
{"success":true,"message":"","data":{"items":[{"id":"10000000-0000-0000-0000-000000000001","ownerUserId":"11111111-1111-1111-1111-111111111111","name":"Work","position":0,"isArchived":0,"createdAt":"<datetime>","updatedAt":"<datetime>"}]}}

