== login-user POST /api/v1/user/login-user [] -> 200
{"token":"<token>","user":{"id":"11111111-1111-1111-1111-111111111111","name":"User 1111","email":"owner@example.test","avatar":"diamond:sky","options":[{"name":"currency","value":"USD"},{"name":"report_period","value":"monthly"},{"name":"onboarding","value":"started"},{"name":"budget","value":null},{"name":"currency_id","value":"dffc2a06-6f29-4704-8575-31709adee926"}],"currency":"USD","reportPeriod":"monthly","accessLevel":"full","accessUntil":""}}

== err:login-bad-credentials POST /api/v1/user/login-user [] -> 401
{"success":false,"message":"Invalid credentials.","code":0,"errors":{}}

== remind-password POST /api/v1/user/remind-password [] -> 200
{"success":true,"message":"","data":{}}

== err:reset-password-bad-code POST /api/v1/user/reset-password [] -> 400
{"success":false,"message":"Reset password error","code":400,"errors":{}}

== err:confirm-email-bad-code POST /api/v1/user/confirm-email [] -> 400
{"success":false,"message":"The confirmation code is not valid.","code":400,"errors":{}}

== resend-verification-code POST /api/v1/user/resend-verification-code [] -> 200
{"success":true,"message":"","data":{}}

