== get-session-list GET /api/v1/user/get-session-list [owner] -> 200
{"success":true,"message":"","data":[{"id":"33333333-3333-3333-3333-333333333333","userAgent":"apiparity","createdAt":"<datetime>","lastUsedAt":"<datetime>","isCurrent":true}]}

== login-second-session POST /api/v1/user/login-user [] -> 200
{"token":"<token>","user":{"id":"11111111-1111-1111-1111-111111111111","name":"User 1111","email":"owner@example.test","avatar":"","options":[{"name":"currency","value":"USD"},{"name":"report_period","value":"monthly"},{"name":"onboarding","value":"started"},{"name":"budget","value":null},{"name":"currency_id","value":"dffc2a06-6f29-4704-8575-31709adee926"}],"currency":"USD","reportPeriod":"monthly"}}

== get-session-list-two GET /api/v1/user/get-session-list [owner] -> 200
{"success":true,"message":"","data":[{"id":"33333333-3333-3333-3333-333333333333","userAgent":"apiparity","createdAt":"<datetime>","lastUsedAt":"<datetime>","isCurrent":true},{"id":"<generated-uuid>","userAgent":"Go-http-client/1.1","createdAt":"<datetime>","lastUsedAt":"<datetime>","isCurrent":false}]}

== revoke-other-sessions POST /api/v1/user/revoke-other-sessions [owner] -> 200
{"success":true,"message":"","data":{}}

== get-session-list-after-revoke GET /api/v1/user/get-session-list [owner] -> 200
{"success":true,"message":"","data":[{"id":"33333333-3333-3333-3333-333333333333","userAgent":"apiparity","createdAt":"<datetime>","lastUsedAt":"<datetime>","isCurrent":true}]}

== err:revoke-session-foreign POST /api/v1/user/revoke-session [guest] -> 400
{"success":false,"message":"Session not found","code":0,"errors":{}}

== err:revoke-session-blank POST /api/v1/user/revoke-session [owner] -> 400
{"success":false,"message":"Form validation error","code":400,"errors":{"id":["This value should not be blank."]}}

== revoke-session-current POST /api/v1/user/revoke-session [guest] -> 200
{"success":true,"message":"","data":{}}

== err:guest-after-self-revoke GET /api/v1/user/get-user-data [guest] -> 401
{"success":false,"message":"Invalid access token","code":0,"errors":{}}

